// Jest Snapshot v1, https://goo.gl/fbAQLP

exports[`<Cell /> component minesweeper/Cell render 1`] = `
<div>
  <div
    className="c-Cell"
    onClick={[Function]}
  >
    🔄
  </div>
  <div
    className="c-Cell"
    onClick={[Function]}
  >
    🚩
  </div>
  <div
    className="c-Cell"
    onClick={[Function]}
  >
    🔍
  </div>
  <div
    className="c-Cell"
    onClick={[Function]}
  >
    ⬜
  </div>
  <div
    className="c-Cell"
    onClick={[Function]}
  >
    1️⃣
  </div>
  <div
    className="c-Cell"
    onClick={[Function]}
  >
    2️⃣
  </div>
  <div
    className="c-Cell"
    onClick={[Function]}
  >
    3️⃣
  </div>
  <div
    className="c-Cell"
    onClick={[Function]}
  >
    4️⃣
  </div>
  <div
    className="c-Cell"
    onClick={[Function]}
  >
    5️⃣
  </div>
  <div
    className="c-Cell"
    onClick={[Function]}
  >
    6️⃣
  </div>
  <div
    className="c-Cell"
    onClick={[Function]}
  >
    7️⃣
  </div>
  <div
    className="c-Cell"
    onClick={[Function]}
  >
    8️⃣
  </div>
  <div
    className="c-Cell"
    onClick={[Function]}
  >
    ⬛
  </div>
  <div
    className="c-Cell"
    onClick={[Function]}
  >
    🚩
  </div>
  <div
    className="c-Cell"
    onClick={[Function]}
  >
    💥
  </div>
  <div
    className="c-Cell"
    onClick={[Function]}
  >
    💣
  </div>
</div>
`;
